<!-- ReplicationType: ptp | FullTrasmissionStartDate: 2018-01-01 -->
<DecodedEmployees>
	<queryCompoundEmployeeResponse>
		<sfobject>
			<id>7038</id>
			<type>CompoundEmployee</type>
			<person>
				<created_by>adminrm</created_by>
				<created_on_timestamp>2018-08-24T13:59:06.000Z</created_on_timestamp>
				<date_of_birth>1974-10-03</date_of_birth>
				<last_modified_by>adminrm</last_modified_by>
				<last_modified_on>2018-08-25T03:15:31.000Z</last_modified_on>
				<logon_user_id>10000001</logon_user_id>
				<logon_user_is_active>true</logon_user_is_active>
				<logon_user_name>10000001</logon_user_name>
				<per_person_uuid>207617DB28254D1392EE3F2428BB8515</per_person_uuid>
				<person_id>7038</person_id>
				<person_id_external>10000001</person_id_external>
				<employment_information>
					<assignment_class>ST</assignment_class>
					<created_by>adminrm</created_by>
					<created_on_timestamp>2018-08-24T13:59:06.000Z</created_on_timestamp>
					<custom_date1>2018-01-01</custom_date1>
					<direct_reports>0</direct_reports>
					<employment_id>5949</employment_id>
					<jobNumber>1</jobNumber>
					<last_modified_by>adminrm</last_modified_by>
					<last_modified_on>2018-08-25T03:16:11.000Z</last_modified_on>
					<start_date>2018-01-01</start_date>
					<user_id>10000001</user_id>
					<job_information>
						<business_unit>TRAN</business_unit>
						<company>P000</company>
						<company_territory_code>COL</company_territory_code>
						<contract_type>CI</contract_type>
						<cost_center>P114107</cost_center>
						<created_by>adminrm</created_by>
						<created_on>2018-08-24</created_on>
						<created_on_timestamp>2018-08-25T03:16:30.000Z</created_on_timestamp>
						<custom_string1>02</custom_string1>
						<department>10000772</department>
						<division>3603</division>
						<employee_class>1</employee_class>
						<employment_type>OC</employment_type>
						<emplStatus>A</emplStatus>
						<end_date>9999-12-31</end_date>
						<event>H</event>
						<event_reason>ZA/01</event_reason>
						<fte>1.0</fte>
						<is_cross_border_worker>false</is_cross_border_worker>
						<is_eligible_for_benefit>false</is_eligible_for_benefit>
						<is_eligible_for_car>false</is_eligible_for_car>
						<is_fulltime_employee>true</is_fulltime_employee>
						<is_primary>false</is_primary>
						<is_shift_employee>false</is_shift_employee>
						<job_code>20000002</job_code>
						<jobEntryDate>1978-01-30</jobEntryDate>
						<last_modified_by>sapsdccons3</last_modified_by>
						<last_modified_on>2018-08-30T19:37:56.000Z</last_modified_on>
						<location>PAB1/PBA1</location>
						<manager_employment_id>5950</manager_employment_id>
						<manager_id>10000000</manager_id>
						<manager_person_id>7039</manager_person_id>
						<manager_person_id_external>10000000</manager_person_id_external>
						<payScaleArea>COL/Z1</payScaleArea>
						<payScaleGroup>COL/Z1/Z1/GRUPO01</payScaleGroup>
						<payScaleLevel>COL/Z1/Z1/GRUPO01/01</payScaleLevel>
						<payScaleType>COL/Z1</payScaleType>
						<position>40000001</position>
						<positionEntryDate>1978-01-30</positionEntryDate>
						<regular_temp>D</regular_temp>
						<seq_number>1</seq_number>
						<shift_factor>0.0</shift_factor>
						<shift_rate>0.0</shift_rate>
						<standard_hours>0.0</standard_hours>
						<start_date>2018-01-01</start_date>
						<workingDaysPerWeek>5.0</workingDaysPerWeek>
					</job_information>
					<compensation_information>
						<created_by>adminrm</created_by>
						<created_on_timestamp>2018-08-27T17:10:30.000Z</created_on_timestamp>
						<custom_string1>95</custom_string1>
						<end_date>9999-12-31</end_date>
						<event>5</event>
						<event_reason>02/01</event_reason>
						<is_eligible_for_benefits>false</is_eligible_for_benefits>
						<is_eligible_for_car>false</is_eligible_for_car>
						<last_modified_by>adminrm</last_modified_by>
						<last_modified_on>2018-08-27T17:10:30.000Z</last_modified_on>
						<pay_group>QP</pay_group>
						<seq_number>1</seq_number>
						<start_date>2018-01-01</start_date>
					</compensation_information>
				</employment_information>
			</person>
			<execution_timestamp>2018-09-03T23:07:53.000Z</execution_timestamp>
			<version_id>1808P0</version_id>
		</sfobject>
		<numResults>1</numResults>
		<hasMore>false</hasMore>
		<querySessionId>ef3a3803-d54a-486b-b43a-2ac2cc90a795</querySessionId>
	</queryCompoundEmployeeResponse>
</DecodedEmployees>