<!-- ReplicationType: legacy-boomi | FullTrasmissionStartDate: 1970-02-01 -->
<DecodedEmployees/>
